2025-08-26 22:27:21,705 - masks - ERROR - Неверный номер карты: 111122223333
2025-08-26 22:27:21,707 - masks - ERROR - Неверный номер карты: 1111222233334
2025-08-26 22:27:21,709 - masks - ERROR - Неверный номер карты: 111122223333444
2025-08-26 22:27:21,710 - masks - ERROR - Неверный номер карты: 11112222333344445
2025-08-26 22:27:21,711 - masks - ERROR - Неверный номер карты: 11112222333344445555
2025-08-26 22:27:21,713 - masks - ERROR - Передан неверный тип данных для карты: <class 'list'>
2025-08-26 22:27:21,714 - masks - INFO - Успешно замаскирован номер карты
2025-08-26 22:27:21,716 - masks - INFO - Успешно замаскирован номер карты
2025-08-26 22:27:21,717 - masks - INFO - Успешно замаскирован номер карты
2025-08-26 22:27:21,719 - masks - DEBUG - Передана пустая строка для маскировки карты
2025-08-26 22:27:21,722 - masks - INFO - Успешно замаскирован номер счета
2025-08-26 22:27:21,723 - masks - DEBUG - Передана пустая строка для маскировки счета
2025-08-26 22:27:21,725 - masks - ERROR - Неверный номер счета:  11112222*3333/4444-
2025-08-26 22:27:21,726 - masks - ERROR - Неверный номер счета: 111122223333444455556
2025-08-26 22:27:21,728 - masks - ERROR - Неверный номер счета: 1111222233334444555567
2025-08-26 22:27:21,729 - masks - ERROR - Передан неверный тип данных для счета: <class 'list'>
2025-08-26 22:27:21,768 - masks - INFO - Успешно замаскирован номер карты
2025-08-26 22:27:21,769 - masks - INFO - Успешно замаскирован номер счета
2025-08-26 22:27:21,771 - masks - INFO - Успешно замаскирован номер карты
2025-08-26 22:27:21,772 - masks - INFO - Успешно замаскирован номер карты
2025-08-26 22:27:21,775 - masks - INFO - Успешно замаскирован номер счета
2025-08-26 22:27:21,777 - masks - INFO - Успешно замаскирован номер карты
